
  .   ____          _            __ _ _
 /\\ / ___'_ __ _ _(_)_ __  __ _ \ \ \ \
( ( )\___ | '_ | '_| | '_ \/ _` | \ \ \ \
 \\/  ___)| |_)| | | | | || (_| |  ) ) ) )
  '  |____| .__|_| |_|_| |_\__, | / / / /
 =========|_|==============|___/=/_/_/_/

 :: Spring Boot ::                (v4.1.1)

2026-10-07T04:03:37.098+06:00  INFO 194812 --- [rmgflow] [           main] com.rmgflow.RmgflowApplication           : Starting RmgflowApplication using Java 25.0.4.1 with PID 194812 (/home/atiqursojib/ARS/Java/RMGFlow/backend/target/classes started by atiqursojib in /home/atiqursojib/ARS/Java/RMGFlow/backend)
2026-10-07T04:03:37.105+06:00  INFO 194812 --- [rmgflow] [           main] com.rmgflow.RmgflowApplication           : No active profile set, falling back to 1 default profile: "default"
2026-10-07T04:03:39.931+06:00  INFO 194812 --- [rmgflow] [           main] .s.d.r.c.RepositoryConfigurationDelegate : Bootstrapping Spring Data JPA repositories in DEFAULT mode.
2026-10-07T04:03:40.307+06:00  INFO 194812 --- [rmgflow] [           main] .s.d.r.c.RepositoryConfigurationDelegate : Finished Spring Data repository scanning in 349 ms. Found 55 JPA repository interfaces.
2026-10-07T04:03:43.964+06:00  INFO 194812 --- [rmgflow] [           main] o.s.boot.tomcat.TomcatWebServer          : Tomcat initialized with port 8090 (http)
2026-10-07T04:03:44.040+06:00  INFO 194812 --- [rmgflow] [           main] o.apache.catalina.core.StandardService   : Starting service [Tomcat]
2026-10-07T04:03:44.046+06:00  INFO 194812 --- [rmgflow] [           main] o.apache.catalina.core.StandardEngine    : Starting Servlet engine: [Apache Tomcat/11.0.24]
2026-10-07T04:03:44.329+06:00  INFO 194812 --- [rmgflow] [           main] b.w.c.s.WebApplicationContextInitializer : Root WebApplicationContext: initialization completed in 7031 ms
2026-10-07T04:03:45.563+06:00  INFO 194812 --- [rmgflow] [           main] com.zaxxer.hikari.HikariDataSource       : HikariPool-1 - Starting...
2026-10-07T04:03:46.139+06:00  INFO 194812 --- [rmgflow] [           main] com.zaxxer.hikari.pool.HikariPool        : HikariPool-1 - Added connection org.postgresql.jdbc.PgConnection@5834198f
2026-10-07T04:03:46.143+06:00  INFO 194812 --- [rmgflow] [           main] com.zaxxer.hikari.HikariDataSource       : HikariPool-1 - Start completed.
2026-10-07T04:03:46.225+06:00  INFO 194812 --- [rmgflow] [           main] org.flywaydb.core.FlywayExecutor         : Database: jdbc:postgresql://localhost:5434/rmgflow (PostgreSQL 16.15)
2026-10-07T04:03:46.768+06:00  INFO 194812 --- [rmgflow] [           main] o.f.core.internal.command.DbValidate     : Successfully validated 35 migrations (execution time 00:00.337s)
2026-10-07T04:03:46.835+06:00  INFO 194812 --- [rmgflow] [           main] o.f.core.internal.command.DbMigrate      : Current version of schema "public": 35
2026-10-07T04:03:46.846+06:00  INFO 194812 --- [rmgflow] [           main] o.f.core.internal.command.DbMigrate      : Schema "public" is up to date. No migration necessary.
2026-10-07T04:03:47.424+06:00  INFO 194812 --- [rmgflow] [           main] org.hibernate.orm.jpa                    : HHH008540: Processing PersistenceUnitInfo [name: default]
2026-10-07T04:03:47.793+06:00  INFO 194812 --- [rmgflow] [           main] org.hibernate.orm.core                   : HHH000001: Hibernate ORM core version 7.4.5.Final
2026-10-07T04:03:49.915+06:00  INFO 194812 --- [rmgflow] [           main] o.s.o.j.p.SpringPersistenceUnitInfo      : No LoadTimeWeaver setup: ignoring JPA class transformer
2026-10-07T04:03:50.367+06:00  INFO 194812 --- [rmgflow] [           main] org.hibernate.orm.connections.pooling    : HHH10001005: Database info:
	Database JDBC URL [jdbc:postgresql://localhost:5434/rmgflow]
	Database driver: PostgreSQL JDBC Driver
	Database dialect: PostgreSQLDialect
	Database version: 16.15
	Default catalog/schema: rmgflow/public
	Autocommit mode: undefined/unknown
	Isolation level: READ_COMMITTED [default READ_COMMITTED]
	JDBC fetch size: none
	Pool: DataSourceConnectionProvider
	Minimum pool size: undefined/unknown
	Maximum pool size: undefined/unknown
2026-10-07T04:03:56.695+06:00  INFO 194812 --- [rmgflow] [           main] org.hibernate.orm.core                   : HHH000489: No JTA platform available (set 'hibernate.transaction.jta.platform' to enable JTA platform integration)
2026-10-07T04:03:56.842+06:00  INFO 194812 --- [rmgflow] [           main] j.LocalContainerEntityManagerFactoryBean : Initialized JPA EntityManagerFactory for persistence unit 'default'
2026-10-07T04:03:57.061+06:00  INFO 194812 --- [rmgflow] [           main] o.s.d.j.r.query.QueryEnhancerFactories   : Hibernate is in classpath; If applicable, HQL parser will be used.
2026-10-07T04:04:04.905+06:00  WARN 194812 --- [rmgflow] [           main] .s.a.UserDetailsServiceAutoConfiguration : 

Using generated security password: b7a3230c-ee6c-49b9-8815-0af9850d37c7

This generated password is for development use only. Your security configuration must be updated before running your application in production.

2026-10-07T04:04:04.927+06:00  INFO 194812 --- [rmgflow] [           main] r$InitializeUserDetailsManagerConfigurer : Global AuthenticationManager configured with UserDetailsService bean with name inMemoryUserDetailsManager
2026-10-07T04:04:08.630+06:00  INFO 194812 --- [rmgflow] [           main] o.s.b.a.e.web.EndpointLinksResolver      : Exposing 2 endpoints beneath base path '/actuator'
2026-10-07T04:04:08.934+06:00  INFO 194812 --- [rmgflow] [           main] o.s.boot.tomcat.TomcatWebServer          : Tomcat started on port 8090 (http) with context path '/'
2026-10-07T04:04:08.965+06:00  INFO 194812 --- [rmgflow] [           main] com.rmgflow.RmgflowApplication           : Started RmgflowApplication in 33.025 seconds (process running for 33.989)
2026-10-07T04:04:09.512+06:00  INFO 194812 --- [rmgflow] [           main] com.rmgflow.config.DemoDataSeeder        : Demo data already present (demo.admin@rmgflow.test exists) — skipping
2026-10-07T04:04:10.371+06:00  INFO 194812 --- [rmgflow] [nio-8090-exec-1] o.a.c.c.C.[Tomcat].[localhost].[/]       : Initializing Spring DispatcherServlet 'dispatcherServlet'
2026-10-07T04:04:10.372+06:00  INFO 194812 --- [rmgflow] [nio-8090-exec-1] o.s.web.servlet.DispatcherServlet        : Initializing Servlet 'dispatcherServlet'
2026-10-07T04:04:10.377+06:00  INFO 194812 --- [rmgflow] [nio-8090-exec-1] o.s.web.servlet.DispatcherServlet        : Completed initialization in 5 ms
2026-10-07T04:04:20.301+06:00  WARN 194812 --- [rmgflow] [nio-8090-exec-8] ration$PageModule$WarningLoggingModifier : Serializing PageImpl instances as-is is not supported, meaning that there is no guarantee about the stability of the resulting JSON structure!
	For a stable JSON structure, please use Spring Data's PagedModel (globally via @EnableSpringDataWebSupport(pageSerializationMode = VIA_DTO))
	or Spring HATEOAS and Spring Data's PagedResourcesAssembler as documented in https://docs.spring.io/spring-data/commons/reference/repositories/core-extensions.html#core.web.pageables.

2026-10-07T04:09:43.273+06:00  INFO 194812 --- [rmgflow] [ionShutdownHook] o.s.boot.tomcat.GracefulShutdown         : Commencing graceful shutdown. Waiting for active requests to complete
2026-10-07T04:09:43.281+06:00  INFO 194812 --- [rmgflow] [tomcat-shutdown] o.s.boot.tomcat.GracefulShutdown         : Graceful shutdown complete
2026-10-07T04:09:43.314+06:00  INFO 194812 --- [rmgflow] [ionShutdownHook] j.LocalContainerEntityManagerFactoryBean : Closing JPA EntityManagerFactory for persistence unit 'default'
2026-10-07T04:09:43.320+06:00  INFO 194812 --- [rmgflow] [ionShutdownHook] com.zaxxer.hikari.HikariDataSource       : HikariPool-1 - Shutdown initiated...
2026-10-07T04:09:43.339+06:00  INFO 194812 --- [rmgflow] [ionShutdownHook] com.zaxxer.hikari.HikariDataSource       : HikariPool-1 - Shutdown completed.
